I'm sorry, but errors were detected in your script. Please correct the
errors listed below, and try again.


File "game/script.rpy", line 6: expected statement.
    f = random.randint(1,2)
      ^

Ren'Py Version: Ren'Py 8.0.3.22090809
Tue Mar 14 12:29:03 2023
